// Vitest Snapshot v1, https://vitest.dev/guide/snapshot.html

exports[`renders a resume 1`] = `
"<!DOCTYPE html>
    <html lang=\\"en\\">
      <head>
        <meta charset=\\"utf-8\\">
        
    <title>Richard Hendriks</title>
    <meta name=\\"description\\" content=\\"Richard hails from Tulsa. He has earned degrees from the University of Oklahoma and Stanford. (Go Sooners and Cardinal!) Before starting Pied Piper, he worked for Hooli as a part time software developer. While his work focuses on applied information theory, mostly optimizing lossless compression schema of both the length-limited and adaptive variants, his non-work interests range widely, everything from quantum computing to chaos theory. He could tell you about it, but THAT would NOT be a “length-limited” conversation!\\">
  
        <meta name=\\"viewport\\" content=\\"width=device-width, initial-scale=1\\">
        <link rel=\\"stylesheet\\" href=\\"https://fonts.googleapis.com/css?family=Lato:400,700&display=swap\\">
        <style></style>
      </head>
      <body>
        
    <header class=\\"masthead\\">
      <img src=\\"image.jpg\\" alt=\\"\\">
      <div>
        <h1>Richard Hendriks</h1>
        <h2>Programmer</h2>
      </div>
      <article><p>Richard hails from Tulsa. He has earned degrees from the University of Oklahoma and Stanford. (Go Sooners and Cardinal!) Before starting Pied Piper, he worked for Hooli as a part time software developer. While his work focuses on applied information theory, mostly optimizing lossless compression schema of both the length-limited and adaptive variants, his non-work interests range widely, everything from quantum computing to chaos theory. He could tell you about it, but THAT would NOT be a “length-limited” conversation!</p></article>
      <ul class=\\"icon-list\\">
        
          <li>
            <svg xmlns=\\"http://www.w3.org/2000/svg\\" width=\\"16\\" height=\\"16\\" viewBox=\\"0 0 24 24\\" fill=\\"none\\" stroke=\\"currentColor\\" stroke-width=\\"2\\" stroke-linecap=\\"round\\" stroke-linejoin=\\"round\\" class=\\"feather feather-map-pin\\"><path d=\\"M21 10c0 7-9 13-9 13s-9-6-9-13a9 9 0 0 1 18 0z\\"></path><circle cx=\\"12\\" cy=\\"10\\" r=\\"3\\"></circle></svg>
            San Francisco, United States
          </li>
        
        
          <li>
            <svg xmlns=\\"http://www.w3.org/2000/svg\\" width=\\"16\\" height=\\"16\\" viewBox=\\"0 0 24 24\\" fill=\\"none\\" stroke=\\"currentColor\\" stroke-width=\\"2\\" stroke-linecap=\\"round\\" stroke-linejoin=\\"round\\" class=\\"feather feather-mail\\"><path d=\\"M4 4h16c1.1 0 2 .9 2 2v12c0 1.1-.9 2-2 2H4c-1.1 0-2-.9-2-2V6c0-1.1.9-2 2-2z\\"></path><polyline points=\\"22,6 12,13 2,6\\"></polyline></svg>
            <a href=\\"mailto:richard.hendriks@mail.com\\">richard.hendriks@mail.com</a>
          </li>
        
        
          <li>
            <svg xmlns=\\"http://www.w3.org/2000/svg\\" width=\\"16\\" height=\\"16\\" viewBox=\\"0 0 24 24\\" fill=\\"none\\" stroke=\\"currentColor\\" stroke-width=\\"2\\" stroke-linecap=\\"round\\" stroke-linejoin=\\"round\\" class=\\"feather feather-phone\\"><path d=\\"M22 16.92v3a2 2 0 0 1-2.18 2 19.79 19.79 0 0 1-8.63-3.07 19.5 19.5 0 0 1-6-6 19.79 19.79 0 0 1-3.07-8.67A2 2 0 0 1 4.11 2h3a2 2 0 0 1 2 1.72 12.84 12.84 0 0 0 .7 2.81 2 2 0 0 1-.45 2.11L8.09 9.91a16 16 0 0 0 6 6l1.27-1.27a2 2 0 0 1 2.11-.45 12.84 12.84 0 0 0 2.81.7A2 2 0 0 1 22 16.92z\\"></path></svg>
            <a href=\\"tel:(912)555-4321\\">(912) 555-4321</a>
          </li>
        
        
          <li>
            <svg xmlns=\\"http://www.w3.org/2000/svg\\" width=\\"16\\" height=\\"16\\" viewBox=\\"0 0 24 24\\" fill=\\"none\\" stroke=\\"currentColor\\" stroke-width=\\"2\\" stroke-linecap=\\"round\\" stroke-linejoin=\\"round\\" class=\\"feather feather-link\\"><path d=\\"M10 13a5 5 0 0 0 7.54.54l3-3a5 5 0 0 0-7.07-7.07l-1.72 1.71\\"></path><path d=\\"M14 11a5 5 0 0 0-7.54-.54l-3 3a5 5 0 0 0 7.07 7.07l1.71-1.71\\"></path></svg>
            <a href=\\"http://richardhendricks.example.com\\">richardhendricks.example.com</a>
          </li>
        
        
          <li>
            <svg xmlns=\\"http://www.w3.org/2000/svg\\" width=\\"16\\" height=\\"16\\" viewBox=\\"0 0 24 24\\" fill=\\"none\\" stroke=\\"currentColor\\" stroke-width=\\"2\\" stroke-linecap=\\"round\\" stroke-linejoin=\\"round\\" class=\\"feather feather-twitter\\"><path d=\\"M23 3a10.9 10.9 0 0 1-3.14 1.53 4.48 4.48 0 0 0-7.86 3v1A10.66 10.66 0 0 1 3 4s-4 9 5 13a11.64 11.64 0 0 1-7 2c9 5 20 0 20-11.5a4.5 4.5 0 0 0-.08-.83A7.72 7.72 0 0 0 23 3z\\"></path></svg>
            neutralthoughts
            <span class=\\"network\\">(Twitter)</span>
          </li>
        
          <li>
            <svg xmlns=\\"http://www.w3.org/2000/svg\\" width=\\"16\\" height=\\"16\\" viewBox=\\"0 0 24 24\\" fill=\\"none\\" stroke=\\"currentColor\\" stroke-width=\\"2\\" stroke-linecap=\\"round\\" stroke-linejoin=\\"round\\" class=\\"feather feather-user\\"><path d=\\"M20 21v-2a4 4 0 0 0-4-4H8a4 4 0 0 0-4 4v2\\"></path><circle cx=\\"12\\" cy=\\"7\\" r=\\"4\\"></circle></svg>
            <a href=\\"https://soundcloud.example.com/dandymusicnl\\">dandymusicnl</a>
            <span class=\\"network\\">(SoundCloud)</span>
          </li>
        
      </ul>
    </header>
  
        
    <section id=\\"work\\">
      <h3>Work</h3>
      <div class=\\"stack\\">
        
          <article>
            <header>
              <h4><a href=\\"http://piedpiper.example.com\\">Pied Piper</a></h4>
              <div class=\\"meta\\">
                <div>Awesome compression company</div>
              </div>
            </header>
            <div class=\\"timeline\\">
              
                <div>
                  <div>
                    <h5>CEO/President</h5>
                    <div class=\\"meta\\">
                      <div><time datetime=\\"2013-12-01\\">Dec 2013</time> – <time datetime=\\"2014-12-01\\">Dec 2014</time></div>
                      <div>Palo Alto, CA</div>
                    </div>
                  </div>
                  <p>Pied Piper is a multi-platform technology based on a proprietary universal compression algorithm that has consistently fielded high Weisman Scores™ that are not merely competitive, but approach the theoretical limit of lossless compression.</p>
                  
                    <ul>
                      <li><p>Build an algorithm for artist to detect if their music was violating copy right infringement laws</p></li><li><p>Successfully won Techcrunch Disrupt</p></li><li><p>Optimized an algorithm that holds the current world record for Weisman Scores</p></li>
                    </ul>
                  
                </div>
              
            </div>
          </article>
        
      </div>
    </section>
  
        
    <section id=\\"volunteer\\">
      <h3>Volunteer</h3>
      <div class=\\"stack\\">
        
          <article>
            <header>
              <h4><a href=\\"http://coderdojo.example.com/\\">CoderDojo</a></h4>
              <div class=\\"meta\\">
                <strong>Teacher</strong>
                <div><time datetime=\\"2012-01-01\\">Jan 2012</time> – <time datetime=\\"2013-01-01\\">Jan 2013</time></div>
              </div>
            </header>
            <p>Global movement of free coding clubs for young people.</p>
            
              <ul>
                <li><p>Awarded 'Teacher of the Month'</p></li>
              </ul>
            
          </article>
        
      </div>
    </section>
  
        
    <section id=\\"education\\">
      <h3>Education</h3>
      <div class=\\"stack\\">
        
          <article>
            <header>
              <h4><a href=\\"https://www.ou.edu/\\">University of Oklahoma</a></h4>
              <div class=\\"meta\\">
                <strong>Information Technology</strong>
                <div><time datetime=\\"2011-06-01\\">Jun 2011</time> – <time datetime=\\"2014-01-01\\">Jan 2014</time></div>
              </div>
            </header>
            <p>Bachelor</p>
            
              <h5>Courses</h5>
              <ul>
                <li><p>DB1101 - Basic SQL</p></li><li><p>CS2011 - Java Introduction</p></li>
              </ul>
            
          </article>
        
      </div>
    </section>
  
        
    <section id=\\"projects\\">
      <h3>Projects</h3>
      <div class=\\"stack\\">
      
        <article>
          <header>
            <h4><a href=\\"missdirection.example.com\\">Miss Direction</a></h4>
            <div class=\\"meta\\">
              <div>
                <strong>Team lead and Designer</strong>
                at <strong>Smoogle</strong>
              </div>
              <div><time datetime=\\"2016-08-24\\">Aug 2016</time> – <time datetime=\\"2016-08-24\\">Aug 2016</time></div>
              <div>application</div>
            </div>
          </header>
          <p>A mapping engine that misguides you</p>
          
            <ul>
              <li><p>Won award at AIHacks 2016</p></li><li><p>Built by all women team of newbie programmers</p></li><li><p>Using modern technologies such as GoogleMaps, Chrome Extension and Javascript</p></li>
            </ul>
          
          
            <ul class=\\"tag-list\\">
              <li>GoogleMaps</li><li>Chrome Extension</li><li>Javascript</li>
            </ul>
          
        </article>
      
      </div>
    </section>
  
        
    <section id=\\"awards\\">
      <h3>Awards</h3>
      <div class=\\"stack\\">
        
          <article>
            <header>
              <h4>Digital Compression Pioneer Award</h4>
              <div class=\\"meta\\">
                
                  <div>
                    Awarded by <strong>Techcrunch</strong>
                  </div>
                
                <time datetime=\\"2014-11-01\\">Nov 2014</time>
              </div>
            </header>
            <p>There is no spoon.</p>
          </article>
        
      </div>
    </section>
  
        
        
    <section id=\\"publications\\">
      <h3>Publications</h3>
      <div class=\\"stack\\">
        
          <article>
            <header>
              <h4><a href=\\"http://en.wikipedia.org/wiki/Silicon_Valley_(TV_series)\\">Video compression for 3d media</a></h4>
              <div class=\\"meta\\">
                
                  <div>
                    Published by <strong>Hooli</strong>
                  </div>
                
                <time datetime=\\"2014-10-01\\">Oct 2014</time>
              </div>
            </header>
            <p>Innovative middle-out compression algorithm that changes the way we store data.</p>
          </article>
        
      </div>
    </section>
  
        
    <section id=\\"skills\\">
      <h3>Skills</h3>
      <div class=\\"grid-list\\">
        
          <div>
            <h4>Web Development</h4>
            
              <ul class=\\"tag-list\\">
                <li>HTML</li><li>CSS</li><li>Javascript</li>
              </ul>
            
          </div>
        
          <div>
            <h4>Compression</h4>
            
              <ul class=\\"tag-list\\">
                <li>Mpeg</li><li>MP4</li><li>GIF</li>
              </ul>
            
          </div>
        
      </div>
    </section>
  
        
    <section id=\\"languages\\">
      <h3>Languages</h3>
      <div class=\\"grid-list\\">
        
          <div>
            <h4>English</h4>
            Native speaker
          </div>
        
      </div>
    </section>
  
        
    <section id=\\"interests\\">
      <h3>Interests</h3>
      <div class=\\"grid-list\\">
        
          <div>
            <h4>Wildlife</h4>
            
              <ul class=\\"tag-list\\">
                <li>Ferrets</li><li>Unicorns</li>
              </ul>
            
          </div>
        
      </div>
    </section>
  
        
    <section id=\\"references\\">
      <h3>References</h3>
      <div class=\\"stack\\">
        
          <blockquote>
            <p>It is my pleasure to recommend Richard, his performance working as a consultant for Main St. Company proved that he will be a valuable addition to any company.</p>
            
              <p>
                <cite>Erlich Bachman</cite>
              </p>
            
          </blockquote>
        
      </div>
    </section>
  
      </body>
    </html>"
`;
